// Jest Snapshot v1, https://goo.gl/fbAQLP

exports[`Dashboard component should render correctly 1`] = `
<div
  className="dashboard-container"
>
  <Connect(ErrorMessage) />
  <Connect(Uploader) />
  <Connect(ExtractionView) />
</div>
`;
